// Jest Snapshot v1, https://goo.gl/fbAQLP

exports[`InputLabel should render input label 1`] = `
.c0 {
  text-align: left;
}

.c0.c0.c0 {
  font-weight: 400;
  font-size: 0.75rem;
  color: #2C232E;
  font-family: Inter;
  font-style: normal;
  white-space: inherit;
  -webkit-text-decoration: inherit;
  text-decoration: inherit;
  word-wrap: break-word;
}

.c0.c0.c0:hover {
  background: initial;
}

.c0.c0.c0:active {
  background: initial;
}

<body>
  <div>
    <p
      class="MuiTypography-root c0 MuiTypography-body2"
    />
  </div>
</body>
`;
