// Jest Snapshot v1, https://goo.gl/fbAQLP

exports[`identificationDocuments EN lists should match snapshot 1`] = `
Array [
  Object {
    "baFinCompliant": true,
    "idCard": false,
    "isoCode": "EG",
    "passport": true,
  },
  Object {
    "baFinCompliant": true,
    "idCard": false,
    "isoCode": "DZ",
    "passport": true,
  },
  Object {
    "baFinCompliant": true,
    "idCard": false,
    "isoCode": "AR",
    "passport": true,
  },
  Object {
    "baFinCompliant": true,
    "idCard": false,
    "isoCode": "AU",
    "passport": true,
  },
  Object {
    "baFinCompliant": true,
    "idCard": false,
    "isoCode": "AO",
    "passport": true,
  },
  Object {
    "baFinCompliant": true,
    "idCard": false,
    "isoCode": "AZ",
    "passport": true,
  },
  Object {
    "baFinCompliant": true,
    "idCard": false,
    "isoCode": "BD",
    "passport": true,
  },
  Object {
    "baFinCompliant": true,
    "idCard": true,
    "isoCode": "BE",
    "passport": true,
  },
  Object {
    "baFinCompliant": true,
    "idCard": false,
    "isoCode": "BA",
    "passport": true,
  },
  Object {
    "baFinCompliant": true,
    "idCard": false,
    "isoCode": "BR",
    "passport": true,
  },
  Object {
    "baFinCompliant": true,
    "idCard": false,
    "isoCode": "BG",
    "passport": true,
  },
  Object {
    "baFinCompliant": true,
    "idCard": false,
    "isoCode": "BF",
    "passport": true,
  },
  Object {
    "baFinCompliant": true,
    "idCard": false,
    "isoCode": "CI",
    "passport": true,
  },
  Object {
    "baFinCompliant": true,
    "idCard": false,
    "isoCode": "CL",
    "passport": true,
  },
  Object {
    "baFinCompliant": true,
    "idCard": false,
    "isoCode": "MY",
    "passport": true,
  },
  Object {
    "baFinCompliant": true,
    "idCard": false,
    "isoCode": "NA",
    "passport": true,
  },
  Object {
    "baFinCompliant": true,
    "idCard": false,
    "isoCode": "CN",
    "passport": true,
  },
  Object {
    "baFinCompliant": true,
    "idCard": false,
    "isoCode": "DK",
    "passport": true,
  },
  Object {
    "baFinCompliant": true,
    "idCard": true,
    "isoCode": "DE",
    "passport": true,
  },
  Object {
    "baFinCompliant": true,
    "idCard": false,
    "isoCode": "EE",
    "passport": true,
  },
  Object {
    "baFinCompliant": true,
    "idCard": true,
    "isoCode": "FI",
    "passport": true,
  },
  Object {
    "baFinCompliant": true,
    "idCard": true,
    "isoCode": "FR",
    "passport": true,
  },
  Object {
    "baFinCompliant": true,
    "idCard": false,
    "isoCode": "GH",
    "passport": true,
  },
  Object {
    "baFinCompliant": true,
    "idCard": false,
    "isoCode": "GR",
    "passport": true,
  },
  Object {
    "baFinCompliant": true,
    "idCard": true,
    "isoCode": "GE",
    "passport": false,
  },
  Object {
    "baFinCompliant": true,
    "idCard": true,
    "isoCode": "IE",
    "passport": true,
  },
  Object {
    "baFinCompliant": true,
    "idCard": false,
    "isoCode": "IS",
    "passport": true,
  },
  Object {
    "baFinCompliant": true,
    "idCard": true,
    "isoCode": "IT",
    "passport": true,
  },
  Object {
    "baFinCompliant": true,
    "idCard": false,
    "isoCode": "JP",
    "passport": true,
  },
  Object {
    "baFinCompliant": true,
    "idCard": false,
    "isoCode": "CM",
    "passport": true,
  },
  Object {
    "baFinCompliant": true,
    "idCard": false,
    "isoCode": "CA",
    "passport": true,
  },
  Object {
    "baFinCompliant": true,
    "idCard": false,
    "isoCode": "KZ",
    "passport": true,
  },
  Object {
    "baFinCompliant": true,
    "idCard": false,
    "isoCode": "KE",
    "passport": true,
  },
  Object {
    "baFinCompliant": true,
    "idCard": false,
    "isoCode": "KW",
    "passport": true,
  },
  Object {
    "baFinCompliant": true,
    "idCard": false,
    "isoCode": "CO",
    "passport": true,
  },
  Object {
    "baFinCompliant": true,
    "idCard": true,
    "isoCode": "HR",
    "passport": true,
  },
  Object {
    "baFinCompliant": true,
    "idCard": false,
    "isoCode": "LB",
    "passport": true,
  },
  Object {
    "baFinCompliant": true,
    "idCard": true,
    "isoCode": "LV",
    "passport": false,
  },
  Object {
    "baFinCompliant": true,
    "idCard": true,
    "isoCode": "LI",
    "passport": false,
  },
  Object {
    "baFinCompliant": true,
    "idCard": true,
    "isoCode": "LT",
    "passport": true,
  },
  Object {
    "baFinCompliant": true,
    "idCard": true,
    "isoCode": "LU",
    "passport": true,
  },
  Object {
    "baFinCompliant": true,
    "idCard": false,
    "isoCode": "MW",
    "passport": true,
  },
  Object {
    "baFinCompliant": true,
    "idCard": false,
    "isoCode": "MK",
    "passport": true,
  },
  Object {
    "baFinCompliant": true,
    "idCard": false,
    "isoCode": "ML",
    "passport": true,
  },
  Object {
    "baFinCompliant": true,
    "idCard": true,
    "isoCode": "MT",
    "passport": true,
  },
  Object {
    "baFinCompliant": true,
    "idCard": false,
    "isoCode": "MA",
    "passport": true,
  },
  Object {
    "baFinCompliant": true,
    "idCard": false,
    "isoCode": "MX",
    "passport": true,
  },
  Object {
    "baFinCompliant": true,
    "idCard": false,
    "isoCode": "NZ",
    "passport": true,
  },
  Object {
    "baFinCompliant": true,
    "idCard": true,
    "isoCode": "NL",
    "passport": true,
  },
  Object {
    "baFinCompliant": true,
    "idCard": false,
    "isoCode": "NG",
    "passport": true,
  },
  Object {
    "baFinCompliant": true,
    "idCard": false,
    "isoCode": "NO",
    "passport": true,
  },
  Object {
    "baFinCompliant": true,
    "idCard": true,
    "isoCode": "AT",
    "passport": true,
  },
  Object {
    "baFinCompliant": true,
    "idCard": false,
    "isoCode": "PE",
    "passport": true,
  },
  Object {
    "baFinCompliant": true,
    "idCard": false,
    "isoCode": "PH",
    "passport": true,
  },
  Object {
    "baFinCompliant": true,
    "idCard": true,
    "isoCode": "PL",
    "passport": true,
  },
  Object {
    "baFinCompliant": true,
    "idCard": false,
    "isoCode": "PT",
    "passport": true,
  },
  Object {
    "baFinCompliant": true,
    "idCard": false,
    "isoCode": "XK",
    "passport": true,
  },
  Object {
    "baFinCompliant": true,
    "idCard": false,
    "isoCode": "RO",
    "passport": true,
  },
  Object {
    "baFinCompliant": true,
    "idCard": false,
    "isoCode": "RU",
    "passport": true,
  },
  Object {
    "baFinCompliant": true,
    "idCard": true,
    "isoCode": "SE",
    "passport": true,
  },
  Object {
    "baFinCompliant": true,
    "idCard": true,
    "isoCode": "CH",
    "passport": true,
  },
  Object {
    "baFinCompliant": true,
    "idCard": false,
    "isoCode": "RS",
    "passport": true,
  },
  Object {
    "baFinCompliant": true,
    "idCard": false,
    "isoCode": "SG",
    "passport": true,
  },
  Object {
    "baFinCompliant": true,
    "idCard": true,
    "isoCode": "SK",
    "passport": true,
  },
  Object {
    "baFinCompliant": true,
    "idCard": true,
    "isoCode": "SI",
    "passport": true,
  },
  Object {
    "baFinCompliant": true,
    "idCard": true,
    "isoCode": "ES",
    "passport": true,
  },
  Object {
    "baFinCompliant": true,
    "idCard": false,
    "isoCode": "ZA",
    "passport": true,
  },
  Object {
    "baFinCompliant": true,
    "idCard": false,
    "isoCode": "KR",
    "passport": true,
  },
  Object {
    "baFinCompliant": true,
    "idCard": false,
    "isoCode": "TW",
    "passport": true,
  },
  Object {
    "baFinCompliant": true,
    "idCard": false,
    "isoCode": "TH",
    "passport": true,
  },
  Object {
    "baFinCompliant": true,
    "idCard": true,
    "isoCode": "CZ",
    "passport": true,
  },
  Object {
    "baFinCompliant": true,
    "idCard": false,
    "isoCode": "TR",
    "passport": true,
  },
  Object {
    "baFinCompliant": true,
    "idCard": false,
    "isoCode": "UA",
    "passport": true,
  },
  Object {
    "baFinCompliant": true,
    "idCard": true,
    "isoCode": "HU",
    "passport": true,
  },
  Object {
    "baFinCompliant": true,
    "idCard": false,
    "isoCode": "US",
    "passport": true,
  },
  Object {
    "baFinCompliant": true,
    "idCard": false,
    "isoCode": "VE",
    "passport": true,
  },
  Object {
    "baFinCompliant": true,
    "idCard": false,
    "isoCode": "GB",
    "passport": true,
  },
  Object {
    "baFinCompliant": true,
    "idCard": false,
    "isoCode": "CY",
    "passport": true,
  },
]
`;
